[2026-03-20 17:49:56.420] ID:0x7E8 DLC:8 DATA: 06 41 20 A0 11 B8 05 AA
[2026-03-20 17:49:56.421] ID:0x7EF DLC:8 DATA: 06 41 20 80 01 A0 11 AA
[2026-03-20 17:49:56.423] ID:0x7E9 DLC:8 DATA: 06 41 20 00 01 80 01 AA
[2026-03-20 17:49:56.423] ID:0x7CE DLC:8 DATA: 03 7F 01 11 AA AA AA AA
[2026-03-20 17:49:56.449] ID:0x7E8 DLC:8 DATA: 04 41 21 00 00 AA AA AA
[2026-03-20 17:49:56.452] ID:0x7EF DLC:8 DATA: 04 41 21 00 00 AA AA AA
[2026-03-20 17:49:56.453] ID:0x7CE DLC:8 DATA: 03 7F 01 11 AA AA AA AA
[2026-03-20 17:49:56.542] ID:0x7E8 DLC:8 DATA: 04 41 23 0B 2C AA AA AA
[2026-03-20 17:49:56.553] ID:0x7CE DLC:8 DATA: 03 7F 01 11 AA AA AA AA
[2026-03-20 17:49:56.643] ID:0x7E8 DLC:8 DATA: 03 41 2C 15 AA AA AA AA
[2026-03-20 17:49:56.659] ID:0x7CE DLC:8 DATA: 03 7F 01 11 AA AA AA AA
[2026-03-20 17:49:56.742] ID:0x7E8 DLC:8 DATA: 03 41 30 FF AA AA AA AA
[2026-03-20 17:49:56.748] ID:0x7E9 DLC:8 DATA: 03 41 30 FF AA AA AA AA
[2026-03-20 17:49:56.752] ID:0x7EF DLC:8 DATA: 03 41 30 FF AA AA AA AA
[2026-03-20 17:49:56.758] ID:0x7CE DLC:8 DATA: 03 7F 01 11 AA AA AA AA
[2026-03-20 17:49:56.849] ID:0x7E8 DLC:8 DATA: 04 41 31 CD EA AA AA AA
[2026-03-20 17:49:56.849] ID:0x7E9 DLC:8 DATA: 04 41 31 E2 A0 AA AA AA
[2026-03-20 17:49:56.853] ID:0x7EF DLC:8 DATA: 04 41 31 E3 31 AA AA AA
[2026-03-20 17:49:56.858] ID:0x7CE DLC:8 DATA: 03 7F 01 11 AA AA AA AA
[2026-03-20 17:49:56.960] ID:0x7E8 DLC:8 DATA: 03 41 33 5E AA AA AA AA
[2026-03-20 17:49:56.960] ID:0x7EF DLC:8 DATA: 03 41 33 5E AA AA AA AA
[2026-03-20 17:49:56.960] ID:0x7CE DLC:8 DATA: 03 7F 01 11 AA AA AA AA
[2026-03-20 17:49:57.040] ID:0x7E8 DLC:8 DATA: 06 41 34 EA A0 80 8B AA
[2026-03-20 17:49:57.054] ID:0x7CE DLC:8 DATA: 03 7F 01 11 AA AA AA AA
[2026-03-20 17:49:57.146] ID:0x7E8 DLC:8 DATA: 06 41 35 FF FF 80 00 AA
[2026-03-20 17:49:57.154] ID:0x7CE DLC:8 DATA: 03 7F 01 11 AA AA AA AA
[2026-03-20 17:49:57.246] ID:0x7E8 DLC:8 DATA: 04 41 3E 06 9C AA AA AA
[2026-03-20 17:49:57.262] ID:0x7CE DLC:8 DATA: 03 7F 01 11 AA AA AA AA
[2026-03-20 17:49:57.358] ID:0x7EF DLC:8 DATA: 06 41 40 44 C0 00 01 AA
[2026-03-20 17:49:57.358] ID:0x7E8 DLC:8 DATA: 06 41 40 CC DC 80 CD AA
[2026-03-20 17:49:57.358] ID:0x7CE DLC:8 DATA: 03 7F 01 11 AA AA AA AA
[2026-03-20 17:49:57.362] ID:0x7E9 DLC:8 DATA: 06 41 40 80 00 00 00 AA
[2026-03-20 17:49:57.453] ID:0x7E8 DLC:8 DATA: 06 41 41 00 08 EB EA AA
[2026-03-20 17:49:57.457] ID:0x7E9 DLC:8 DATA: 06 41 41 00 04 00 00 AA
[2026-03-20 17:49:57.469] ID:0x7CE DLC:8 DATA: 03 7F 01 11 AA AA AA AA
[2026-03-20 17:49:57.564] ID:0x7E8 DLC:8 DATA: 04 41 42 37 08 AA AA AA
[2026-03-20 17:49:57.564] ID:0x7EF DLC:8 DATA: 04 41 42 35 E8 AA AA AA
[2026-03-20 17:49:57.564] ID:0x7CE DLC:8 DATA: 03 7F 01 11 AA AA AA AA
[2026-03-20 17:49:57.659] ID:0x7E8 DLC:8 DATA: 03 41 45 AC AA AA AA AA
[2026-03-20 17:49:57.675] ID:0x7CE DLC:8 DATA: 03 7F 01 11 AA AA AA AA
[2026-03-20 17:49:57.753] ID:0x7E8 DLC:8 DATA: 03 41 46 49 AA AA AA AA
[2026-03-20 17:49:57.770] ID:0x7EF DLC:8 DATA: 03 41 46 43 AA AA AA AA
[2026-03-20 17:49:57.770] ID:0x7CE DLC:8 DATA: 03 7F 01 11 AA AA AA AA
[2026-03-20 17:49:57.865] ID:0x7E8 DLC:8 DATA: 03 41 49 26 AA AA AA AA
[2026-03-20 17:49:57.865] ID:0x7EF DLC:8 DATA: 03 41 49 26 AA AA AA AA
[2026-03-20 17:49:57.865] ID:0x7CE DLC:8 DATA: 03 7F 01 11 AA AA AA AA
[2026-03-20 17:49:57.960] ID:0x7E8 DLC:8 DATA: 03 41 4A 13 AA AA AA AA
[2026-03-20 17:49:57.960] ID:0x7EF DLC:8 DATA: 03 41 4A 13 AA AA AA AA
[2026-03-20 17:49:57.969] ID:0x7CE DLC:8 DATA: 03 7F 01 11 AA AA AA AA
[2026-03-20 17:49:58.071] ID:0x7E8 DLC:8 DATA: 03 41 4C FE AA AA AA AA
[2026-03-20 17:49:58.071] ID:0x7CE DLC:8 DATA: 03 7F 01 11 AA AA AA AA
[2026-03-20 17:49:58.167] ID:0x7E8 DLC:8 DATA: 04 41 4D 00 00 AA AA AA
[2026-03-20 17:49:58.167] ID:0x7CE DLC:8 DATA: 03 7F 01 11 AA AA AA AA
[2026-03-20 17:49:58.263] ID:0x7E8 DLC:8 DATA: 04 41 4E FF FF AA AA AA
[2026-03-20 17:49:58.263] ID:0x7CE DLC:8 DATA: 03 7F 01 11 AA AA AA AA
[2026-03-20 17:49:58.374] ID:0x7E8 DLC:8 DATA: 03 41 51 04 AA AA AA AA
[2026-03-20 17:49:58.374] ID:0x7CE DLC:8 DATA: 03 7F 01 11 AA AA AA AA
[2026-03-20 17:49:58.468] ID:0x7E8 DLC:8 DATA: 04 41 59 0B 2B AA AA AA
[2026-03-20 17:49:58.484] ID:0x7CE DLC:8 DATA: 03 7F 01 11 AA AA AA AA
[2026-03-20 17:49:58.578] ID:0x7E8 DLC:8 DATA: 03 41 5A 13 AA AA AA AA
[2026-03-20 17:49:58.578] ID:0x7CE DLC:8 DATA: 03 7F 01 11 AA AA AA AA
[2026-03-20 17:49:58.673] ID:0x7E8 DLC:8 DATA: 04 41 5D 65 E6 AA AA AA
[2026-03-20 17:49:58.676] ID:0x7CE DLC:8 DATA: 03 7F 01 11 AA AA AA AA
[2026-03-20 17:49:58.769] ID:0x7E8 DLC:8 DATA: 04 41 5E 00 0F AA AA AA
[2026-03-20 17:49:58.777] ID:0x7CE DLC:8 DATA: 03 7F 01 11 AA AA AA AA
[2026-03-20 17:49:58.880] ID:0x7E8 DLC:8 DATA: 06 41 60 CF C9 0B 53 AA
[2026-03-20 17:49:58.880] ID:0x7EF DLC:8 DATA: 06 41 60 00 00 01 01 AA
[2026-03-20 17:49:58.880] ID:0x7CE DLC:8 DATA: 03 7F 01 11 AA AA AA AA
[2026-03-20 17:49:58.974] ID:0x7E8 DLC:8 DATA: 03 41 61 00 AA AA AA AA
[2026-03-20 17:49:58.975] ID:0x7CE DLC:8 DATA: 03 7F 01 11 AA AA AA AA
[2026-03-20 17:49:59.070] ID:0x7E8 DLC:8 DATA: 03 41 62 8E AA AA AA AA
[2026-03-20 17:49:59.075] ID:0x7CE DLC:8 DATA: 03 7F 01 11 AA AA AA AA
[2026-03-20 17:49:59.181] ID:0x7E8 DLC:8 DATA: 04 41 65 0A 00 AA AA AA
[2026-03-20 17:49:59.181] ID:0x7CE DLC:8 DATA: 03 7F 01 11 AA AA AA AA
[2026-03-20 17:49:59.276] ID:0x7E8 DLC:8 DATA: 07 41 66 01 00 AF 00 00
[2026-03-20 17:49:59.285] ID:0x7CE DLC:8 DATA: 03 7F 01 11 AA AA AA AA
[2026-03-20 17:49:59.386] ID:0x7E8 DLC:8 DATA: 05 41 67 01 84 00 AA AA
[2026-03-20 17:49:59.386] ID:0x7CE DLC:8 DATA: 03 7F 01 11 AA AA AA AA
[2026-03-20 17:49:59.482] ID:0x7E8 DLC:8 DATA: 10 09 41 68 07 6B 00 6D
[2026-03-20 17:49:59.482] ID:0x7CE DLC:8 DATA: 03 7F 01 11 AA AA AA AA
[2026-03-20 17:49:59.576] ID:0x7E8 DLC:8 DATA: 05 41 69 07 15 00 AA AA
[2026-03-20 17:49:59.592] ID:0x7CE DLC:8 DATA: 03 7F 01 11 AA AA AA AA
[2026-03-20 17:49:59.687] ID:0x7E8 DLC:8 DATA: 07 41 6A 03 FF AC 00 00
[2026-03-20 17:49:59.687] ID:0x7CE DLC:8 DATA: 03 7F 01 11 AA AA AA AA
[2026-03-20 17:49:59.782] ID:0x7E8 DLC:8 DATA: 10 0D 41 6D 07 0B 54 0B
[2026-03-20 17:49:59.782] ID:0x7CE DLC:8 DATA: 03 7F 01 11 AA AA AA AA
[2026-03-20 17:49:59.877] ID:0x7E8 DLC:8 DATA: 10 0C 41 70 07 0D D4 0C
[2026-03-20 17:49:59.893] ID:0x7CE DLC:8 DATA: 03 7F 01 11 AA AA AA AA
[2026-03-20 17:49:59.988] ID:0x7E8 DLC:8 DATA: 10 09 41 75 0F 58 68 09
[2026-03-20 17:49:59.988] ID:0x7CE DLC:8 DATA: 03 7F 01 11 AA AA AA AA
[2026-03-20 17:50:00.083] ID:0x7E8 DLC:8 DATA: 07 41 77 02 00 55 00 00
[2026-03-20 17:50:00.083] ID:0x7CE DLC:8 DATA: 03 7F 01 11 AA AA AA AA
[2026-03-20 17:50:00.179] ID:0x7E8 DLC:8 DATA: 10 0B 41 78 07 06 C4 06
[2026-03-20 17:50:00.180] ID:0x7EF DLC:8 DATA: 10 0B 41 78 07 07 00 06
[2026-03-20 17:50:00.180] ID:0x7CE DLC:8 DATA: 03 7F 01 11 AA AA AA AA
[2026-03-20 17:50:00.290] ID:0x7E8 DLC:8 DATA: 10 09 41 7A 07 00 1A 24
[2026-03-20 17:50:00.294] ID:0x7CE DLC:8 DATA: 03 7F 01 11 AA AA AA AA
[2026-03-20 17:50:00.386] ID:0x7E8 DLC:8 DATA: 10 0B 41 7C 03 06 A4 06
[2026-03-20 17:50:00.394] ID:0x7CE DLC:8 DATA: 03 7F 01 11 AA AA AA AA
[2026-03-20 17:50:00.497] ID:0x7E8 DLC:8 DATA: 10 0F 41 7F 01 00 78 53
[2026-03-20 17:50:00.497] ID:0x7CE DLC:8 DATA: 03 7F 01 11 AA AA AA AA
[2026-03-20 17:50:00.592] ID:0x7E8 DLC:8 DATA: 06 41 80 07 12 40 00 AA
[2026-03-20 17:50:00.594] ID:0x7EF DLC:8 DATA: 06 41 80 28 00 00 21 AA
[2026-03-20 17:50:00.597] ID:0x7CE DLC:8 DATA: 03 7F 01 11 AA AA AA AA
[2026-03-20 17:50:00.687] ID:0x7E8 DLC:8 DATA: 07 41 86 01 00 0A 00 00
[2026-03-20 17:50:00.704] ID:0x7CE DLC:8 DATA: 03 7F 01 11 AA AA AA AA
[2026-03-20 17:50:00.783] ID:0x7E8 DLC:8 DATA: 07 41 87 01 0B F3 00 00
[2026-03-20 17:50:00.795] ID:0x7CE DLC:8 DATA: 03 7F 01 11 AA AA AA AA
[2026-03-20 17:50:00.894] ID:0x7E8 DLC:8 DATA: 10 0F 41 88 00 00 00 00
[2026-03-20 17:50:00.894] ID:0x7CE DLC:8 DATA: 03 7F 01 11 AA AA AA AA
[2026-03-20 17:50:00.989] ID:0x7E8 DLC:8 DATA: 10 13 41 8C 30 00 00 00
[2026-03-20 17:50:01.005] ID:0x7CE DLC:8 DATA: 03 7F 01 11 AA AA AA AA
[2026-03-20 17:50:01.102] ID:0x7E8 DLC:8 DATA: 10 09 41 8F 03 00 00 00
[2026-03-20 17:50:01.103] ID:0x7CE DLC:8 DATA: 03 7F 01 11 AA AA AA AA
[2026-03-20 17:50:01.197] ID:0x7E8 DLC:8 DATA: 04 41 92 0B 0B AA AA AA
[2026-03-20 17:50:01.197] ID:0x7CE DLC:8 DATA: 03 7F 01 11 AA AA AA AA
[2026-03-20 17:50:01.291] ID:0x7E8 DLC:8 DATA: 06 41 01 00 08 EB 00 AA
[2026-03-20 17:50:01.293] ID:0x7E9 DLC:8 DATA: 06 41 01 00 04 00 00 AA
[2026-03-20 17:50:01.297] ID:0x7EF DLC:8 DATA: 06 41 01 00 0C 22 00 AA
[2026-03-20 17:50:01.303] ID:0x7CE DLC:8 DATA: 03 7F 01 11 AA AA AA AA
[2026-03-20 17:50:01.401] ID:0x7E8 DLC:8 DATA: 03 41 04 63 AA AA AA AA
[2026-03-20 17:50:01.401] ID:0x7EF DLC:8 DATA: 03 41 04 00 AA AA AA AA
[2026-03-20 17:50:01.413] ID:0x7CE DLC:8 DATA: 03 7F 01 11 AA AA AA AA
[2026-03-20 17:50:01.497] ID:0x7E8 DLC:8 DATA: 03 41 05 84 AA AA AA AA
[2026-03-20 17:50:01.497] ID:0x7EF DLC:8 DATA: 03 41 05 8E AA AA AA AA
[2026-03-20 17:50:01.505] ID:0x7CE DLC:8 DATA: 03 7F 01 11 AA AA AA AA
[2026-03-20 17:50:01.607] ID:0x7E8 DLC:8 DATA: 03 41 0B 5F AA AA AA AA
[2026-03-20 17:50:01.623] ID:0x7CE DLC:8 DATA: 03 7F 01 11 AA AA AA AA
[2026-03-20 17:50:01.702] ID:0x7E8 DLC:8 DATA: 04 41 0C 0C A6 AA AA AA
[2026-03-20 17:50:01.702] ID:0x7E9 DLC:8 DATA: 04 41 0C 0C AE AA AA AA
[2026-03-20 17:50:01.702] ID:0x7EF DLC:8 DATA: 04 41 0C 0C AC AA AA AA
[2026-03-20 17:50:01.708] ID:0x7CE DLC:8 DATA: 03 7F 01 11 AA AA AA AA
[2026-03-20 17:50:01.798] ID:0x7E8 DLC:8 DATA: 03 41 0D 00 AA AA AA AA
[2026-03-20 17:50:01.800] ID:0x7EF DLC:8 DATA: 03 41 0D 00 AA AA AA AA
[2026-03-20 17:50:01.812] ID:0x7CE DLC:8 DATA: 03 7F 01 11 AA AA AA AA
[2026-03-20 17:50:01.909] ID:0x7E8 DLC:8 DATA: 03 41 0F 6B AA AA AA AA
[2026-03-20 17:50:01.909] ID:0x7EF DLC:8 DATA: 03 41 0F 75 AA AA AA AA
[2026-03-20 17:50:01.909] ID:0x7CE DLC:8 DATA: 03 7F 01 11 AA AA AA AA
[2026-03-20 17:50:02.004] ID:0x7E8 DLC:8 DATA: 04 41 10 02 13 AA AA AA
[2026-03-20 17:50:02.004] ID:0x7EF DLC:8 DATA: 04 41 10 02 12 AA AA AA
[2026-03-20 17:50:02.020] ID:0x7CE DLC:8 DATA: 03 7F 01 11 AA AA AA AA
[2026-03-20 17:50:02.100] ID:0x7E8 DLC:8 DATA: 03 41 11 C6 AA AA AA AA
[2026-03-20 17:50:02.100] ID:0x7EF DLC:8 DATA: 03 41 11 C6 AA AA AA AA
[2026-03-20 17:50:02.104] ID:0x7CE DLC:8 DATA: 03 7F 01 11 AA AA AA AA
[2026-03-20 17:50:02.212] ID:0x7E8 DLC:8 DATA: 03 41 1C 06 AA AA AA AA
[2026-03-20 17:50:02.212] ID:0x7EF DLC:8 DATA: 03 41 1C 06 AA AA AA AA
[2026-03-20 17:50:02.214] ID:0x7CE DLC:8 DATA: 03 7F 01 11 AA AA AA AA
[2026-03-20 17:50:02.307] ID:0x7E8 DLC:8 DATA: 04 41 1F 00 63 AA AA AA
[2026-03-20 17:50:02.307] ID:0x7EF DLC:8 DATA: 04 41 1F 00 62 AA AA AA
[2026-03-20 17:50:02.309] ID:0x7CE DLC:8 DATA: 03 7F 01 11 AA AA AA AA
[2026-03-20 17:50:02.402] ID:0x7EF DLC:8 DATA: 06 41 20 80 01 A0 11 AA
[2026-03-20 17:50:02.410] ID:0x7E8 DLC:8 DATA: 06 41 20 A0 11 B8 05 AA
[2026-03-20 17:50:02.412] ID:0x7E9 DLC:8 DATA: 06 41 20 00 01 80 01 AA
[2026-03-20 17:50:02.416] ID:0x7CE DLC:8 DATA: 03 7F 01 11 AA AA AA AA
[2026-03-20 17:50:02.513] ID:0x7EF DLC:8 DATA: 04 41 21 00 00 AA AA AA
[2026-03-20 17:50:02.513] ID:0x7E8 DLC:8 DATA: 04 41 21 00 00 AA AA AA
[2026-03-20 17:50:02.516] ID:0x7CE DLC:8 DATA: 03 7F 01 11 AA AA AA AA
[2026-03-20 17:50:02.623] ID:0x7E8 DLC:8 DATA: 04 41 23 0B 21 AA AA AA
[2026-03-20 17:50:02.623] ID:0x7CE DLC:8 DATA: 03 7F 01 11 AA AA AA AA
[2026-03-20 17:50:02.718] ID:0x7E8 DLC:8 DATA: 03 41 2C 15 AA AA AA AA
[2026-03-20 17:50:02.718] ID:0x7CE DLC:8 DATA: 03 7F 01 11 AA AA AA AA
[2026-03-20 17:50:02.813] ID:0x7E8 DLC:8 DATA: 03 41 30 FF AA AA AA AA
[2026-03-20 17:50:02.813] ID:0x7EF DLC:8 DATA: 03 41 30 FF AA AA AA AA
[2026-03-20 17:50:02.813] ID:0x7E9 DLC:8 DATA: 03 41 30 FF AA AA AA AA
[2026-03-20 17:50:02.815] ID:0x7CE DLC:8 DATA: 03 7F 01 11 AA AA AA AA
[2026-03-20 17:50:02.907] ID:0x7E8 DLC:8 DATA: 04 41 31 CD EA AA AA AA
[2026-03-20 17:50:02.910] ID:0x7E9 DLC:8 DATA: 04 41 31 E2 A0 AA AA AA
[2026-03-20 17:50:02.910] ID:0x7EF DLC:8 DATA: 04 41 31 E3 31 AA AA AA
[2026-03-20 17:50:02.918] ID:0x7CE DLC:8 DATA: 03 7F 01 11 AA AA AA AA
[2026-03-20 17:50:03.018] ID:0x7E8 DLC:8 DATA: 03 41 33 5E AA AA AA AA
[2026-03-20 17:50:03.020] ID:0x7EF DLC:8 DATA: 03 41 33 5E AA AA AA AA
[2026-03-20 17:50:03.035] ID:0x7CE DLC:8 DATA: 03 7F 01 11 AA AA AA AA
[2026-03-20 17:50:03.113] ID:0x7E8 DLC:8 DATA: 06 41 34 F4 00 80 90 AA
[2026-03-20 17:50:03.128] ID:0x7CE DLC:8 DATA: 03 7F 01 11 AA AA AA AA
[2026-03-20 17:50:03.223] ID:0x7E8 DLC:8 DATA: 06 41 35 FF FF 80 00 AA
[2026-03-20 17:50:03.238] ID:0x7CE DLC:8 DATA: 03 7F 01 11 AA AA AA AA
[2026-03-20 17:50:03.317] ID:0x7E8 DLC:8 DATA: 04 41 3E 06 A9 AA AA AA
[2026-03-20 17:50:03.322] ID:0x7CE DLC:8 DATA: 03 7F 01 11 AA AA AA AA
[2026-03-20 17:50:03.428] ID:0x7E8 DLC:8 DATA: 06 41 40 CC DC 80 CD AA
[2026-03-20 17:50:03.428] ID:0x7E9 DLC:8 DATA: 06 41 40 80 00 00 00 AA
[2026-03-20 17:50:03.428] ID:0x7EF DLC:8 DATA: 06 41 40 44 C0 00 01 AA
[2026-03-20 17:50:03.434] ID:0x7CE DLC:8 DATA: 03 7F 01 11 AA AA AA AA
[2026-03-20 17:50:03.523] ID:0x7E8 DLC:8 DATA: 06 41 41 00 08 EB EA AA
[2026-03-20 17:50:03.523] ID:0x7E9 DLC:8 DATA: 06 41 41 00 04 00 00 AA
[2026-03-20 17:50:03.524] ID:0x7CE DLC:8 DATA: 03 7F 01 11 AA AA AA AA
[2026-03-20 17:50:03.617] ID:0x7E8 DLC:8 DATA: 04 41 42 37 10 AA AA AA
[2026-03-20 17:50:03.619] ID:0x7EF DLC:8 DATA: 04 41 42 36 10 AA AA AA
[2026-03-20 17:50:03.634] ID:0x7CE DLC:8 DATA: 03 7F 01 11 AA AA AA AA
[2026-03-20 17:50:03.727] ID:0x7E8 DLC:8 DATA: 03 41 45 AC AA AA AA AA
[2026-03-20 17:50:03.727] ID:0x7CE DLC:8 DATA: 03 7F 01 11 AA AA AA AA
[2026-03-20 17:50:03.822] ID:0x7E8 DLC:8 DATA: 03 41 46 49 AA AA AA AA
[2026-03-20 17:50:03.822] ID:0x7EF DLC:8 DATA: 03 41 46 43 AA AA AA AA
[2026-03-20 17:50:03.826] ID:0x7CE DLC:8 DATA: 03 7F 01 11 AA AA AA AA
[2026-03-20 17:50:03.917] ID:0x7E8 DLC:8 DATA: 03 41 49 26 AA AA AA AA
[2026-03-20 17:50:03.921] ID:0x7EF DLC:8 DATA: 03 41 49 26 AA AA AA AA
[2026-03-20 17:50:03.924] ID:0x7CE DLC:8 DATA: 03 7F 01 11 AA AA AA AA
[2026-03-20 17:50:04.028] ID:0x7E8 DLC:8 DATA: 03 41 4A 13 AA AA AA AA
[2026-03-20 17:50:04.028] ID:0x7EF DLC:8 DATA: 03 41 4A 13 AA AA AA AA
[2026-03-20 17:50:04.032] ID:0x7CE DLC:8 DATA: 03 7F 01 11 AA AA AA AA
[2026-03-20 17:50:04.117] ID:0x7E8 DLC:8 DATA: 03 41 4C FE AA AA AA AA
[2026-03-20 17:50:04.122] ID:0x7CE DLC:8 DATA: 03 7F 01 11 AA AA AA AA
[2026-03-20 17:50:04.232] ID:0x7E8 DLC:8 DATA: 04 41 4D 00 00 AA AA AA
[2026-03-20 17:50:04.232] ID:0x7CE DLC:8 DATA: 03 7F 01 11 AA AA AA AA
[2026-03-20 17:50:04.327] ID:0x7E8 DLC:8 DATA: 04 41 4E FF FF AA AA AA
[2026-03-20 17:50:04.343] ID:0x7CE DLC:8 DATA: 03 7F 01 11 AA AA AA AA
[2026-03-20 17:50:04.438] ID:0x7E8 DLC:8 DATA: 03 41 51 04 AA AA AA AA
[2026-03-20 17:50:04.438] ID:0x7CE DLC:8 DATA: 03 7F 01 11 AA AA AA AA
[2026-03-20 17:50:04.534] ID:0x7E8 DLC:8 DATA: 04 41 59 0B 71 AA AA AA
[2026-03-20 17:50:04.534] ID:0x7CE DLC:8 DATA: 03 7F 01 11 AA AA AA AA
[2026-03-20 17:50:04.629] ID:0x7E8 DLC:8 DATA: 03 41 5A 13 AA AA AA AA
[2026-03-20 17:50:04.645] ID:0x7CE DLC:8 DATA: 03 7F 01 11 AA AA AA AA
[2026-03-20 17:50:04.724] ID:0x7E8 DLC:8 DATA: 04 41 5D 65 E8 AA AA AA
[2026-03-20 17:50:04.738] ID:0x7CE DLC:8 DATA: 03 7F 01 11 AA AA AA AA
[2026-03-20 17:50:04.835] ID:0x7E8 DLC:8 DATA: 04 41 5E 00 0F AA AA AA
[2026-03-20 17:50:04.837] ID:0x7CE DLC:8 DATA: 03 7F 01 11 AA AA AA AA
[2026-03-20 17:50:04.931] ID:0x7E8 DLC:8 DATA: 06 41 60 CF C9 0B 53 AA
[2026-03-20 17:50:04.933] ID:0x7EF DLC:8 DATA: 06 41 60 00 00 01 01 AA
[2026-03-20 17:50:04.935] ID:0x7CE DLC:8 DATA: 03 7F 01 11 AA AA AA AA
[2026-03-20 17:50:05.041] ID:0x7E8 DLC:8 DATA: 03 41 61 00 AA AA AA AA
[2026-03-20 17:50:05.041] ID:0x7CE DLC:8 DATA: 03 7F 01 11 AA AA AA AA
[2026-03-20 17:50:05.136] ID:0x7E8 DLC:8 DATA: 03 41 62 8E AA AA AA AA
[2026-03-20 17:50:05.136] ID:0x7CE DLC:8 DATA: 03 7F 01 11 AA AA AA AA
[2026-03-20 17:50:05.230] ID:0x7E8 DLC:8 DATA: 04 41 65 0A 00 AA AA AA
[2026-03-20 17:50:05.235] ID:0x7CE DLC:8 DATA: 03 7F 01 11 AA AA AA AA
[2026-03-20 17:50:05.342] ID:0x7E8 DLC:8 DATA: 07 41 66 01 00 AB 00 00
[2026-03-20 17:50:05.344] ID:0x7CE DLC:8 DATA: 03 7F 01 11 AA AA AA AA
[2026-03-20 17:50:05.436] ID:0x7E8 DLC:8 DATA: 05 41 67 01 84 00 AA AA
[2026-03-20 17:50:05.452] ID:0x7CE DLC:8 DATA: 03 7F 01 11 AA AA AA AA
[2026-03-20 17:50:05.548] ID:0x7E8 DLC:8 DATA: 10 09 41 68 07 6B 00 6D
[2026-03-20 17:50:05.548] ID:0x7CE DLC:8 DATA: 03 7F 01 11 AA AA AA AA
[2026-03-20 17:50:05.644] ID:0x7E8 DLC:8 DATA: 05 41 69 07 15 00 AA AA
[2026-03-20 17:50:05.648] ID:0x7CE DLC:8 DATA: 03 7F 01 11 AA AA AA AA
[2026-03-20 17:50:05.739] ID:0x7E8 DLC:8 DATA: 07 41 6A 03 FF AC 00 00
[2026-03-20 17:50:05.744] ID:0x7CE DLC:8 DATA: 03 7F 01 11 AA AA AA AA
[2026-03-20 17:50:05.834] ID:0x7E8 DLC:8 DATA: 10 0D 41 6D 07 0B 35 0B
[2026-03-20 17:50:05.850] ID:0x7CE DLC:8 DATA: 03 7F 01 11 AA AA AA AA
[2026-03-20 17:50:05.946] ID:0x7E8 DLC:8 DATA: 10 0C 41 70 07 0D D4 0C
[2026-03-20 17:50:05.946] ID:0x7CE DLC:8 DATA: 03 7F 01 11 AA AA AA AA
[2026-03-20 17:50:06.034] ID:0x7E8 DLC:8 DATA: 10 09 41 75 0F 58 68 08
[2026-03-20 17:50:06.046] ID:0x7CE DLC:8 DATA: 03 7F 01 11 AA AA AA AA
[2026-03-20 17:50:06.152] ID:0x7E8 DLC:8 DATA: 07 41 77 02 00 55 00 00
[2026-03-20 17:50:06.152] ID:0x7CE DLC:8 DATA: 03 7F 01 11 AA AA AA AA
[2026-03-20 17:50:06.247] ID:0x7E8 DLC:8 DATA: 10 0B 41 78 07 06 DB 06
[2026-03-20 17:50:06.247] ID:0x7EF DLC:8 DATA: 10 0B 41 78 07 07 08 06
[2026-03-20 17:50:06.248] ID:0x7CE DLC:8 DATA: 03 7F 01 11 AA AA AA AA
[2026-03-20 17:50:06.342] ID:0x7E8 DLC:8 DATA: 10 09 41 7A 07 00 28 25
[2026-03-20 17:50:06.342] ID:0x7CE DLC:8 DATA: 03 7F 01 11 AA AA AA AA
[2026-03-20 17:50:06.437] ID:0x7E8 DLC:8 DATA: 10 0B 41 7C 03 06 A9 06
[2026-03-20 17:50:06.444] ID:0x7CE DLC:8 DATA: 03 7F 01 11 AA AA AA AA
[2026-03-20 17:50:06.542] ID:0x7E8 DLC:8 DATA: 10 0F 41 7F 01 00 78 53
[2026-03-20 17:50:06.544] ID:0x7CE DLC:8 DATA: 03 7F 01 11 AA AA AA AA
[2026-03-20 17:50:06.643] ID:0x7E8 DLC:8 DATA: 06 41 80 07 12 40 00 AA
[2026-03-20 17:50:06.652] ID:0x7EF DLC:8 DATA: 06 41 80 28 00 00 21 AA
[2026-03-20 17:50:06.655] ID:0x7CE DLC:8 DATA: 03 7F 01 11 AA AA AA AA
[2026-03-20 17:50:06.754] ID:0x7E8 DLC:8 DATA: 07 41 86 01 00 0A 00 00
[2026-03-20 17:50:06.754] ID:0x7CE DLC:8 DATA: 03 7F 01 11 AA AA AA AA
[2026-03-20 17:50:06.849] ID:0x7E8 DLC:8 DATA: 07 41 87 01 0B F2 00 00
[2026-03-20 17:50:06.865] ID:0x7CE DLC:8 DATA: 03 7F 01 11 AA AA AA AA
[2026-03-20 17:50:06.961] ID:0x7E8 DLC:8 DATA: 10 0F 41 88 00 00 00 00
[2026-03-20 17:50:06.961] ID:0x7CE DLC:8 DATA: 03 7F 01 11 AA AA AA AA

(1) Received the data from the alto 800, uploded can sniffing and got raw data.
(2) Compare the logs on EIS portal & got 0X13F PID for door data, need to verify for rear left.
(3) Asked to some mechanics regarding data collection, and told to mam.